------------------------------------------------------------
TimeQuest Timing Analyzer Summary
------------------------------------------------------------

Type  : Slow 1100mV 85C Model Setup 'the_system|acl_iface|acl_kernel_clk|kernel_pll|altera_pll_i|cyclonev_pll|counter[0].output_counter|divclk'
Slack : 0.130
TNS   : 0.000

Type  : Slow 1100mV 85C Model Setup 'system:the_system|system_acl_iface:acl_iface|system_acl_iface_hps:hps|system_acl_iface_hps_hps_io:hps_io|system_acl_iface_hps_hps_io_border:border|hps_sdram:hps_sdram_inst|hps_sdram_pll:pll|afi_clk_write_clk'
Slack : 1.730
TNS   : 0.000

Type  : Slow 1100mV 85C Model Setup 'the_system|acl_iface|pll|altera_pll_i|general[0].gpll~PLL_OUTPUT_COUNTER|divclk'
Slack : 3.090
TNS   : 0.000

Type  : Slow 1100mV 85C Model Setup 'fpga_clk_50'
Slack : 3.897
TNS   : 0.000

Type  : Slow 1100mV 85C Model Hold 'the_system|acl_iface|acl_kernel_clk|kernel_pll|altera_pll_i|cyclonev_pll|counter[0].output_counter|divclk'
Slack : 0.233
TNS   : 0.000

Type  : Slow 1100mV 85C Model Hold 'system:the_system|system_acl_iface:acl_iface|system_acl_iface_hps:hps|system_acl_iface_hps_hps_io:hps_io|system_acl_iface_hps_hps_io_border:border|hps_sdram:hps_sdram_inst|hps_sdram_pll:pll|afi_clk_write_clk'
Slack : 0.240
TNS   : 0.000

Type  : Slow 1100mV 85C Model Hold 'fpga_clk_50'
Slack : 0.294
TNS   : 0.000

Type  : Slow 1100mV 85C Model Hold 'the_system|acl_iface|pll|altera_pll_i|general[0].gpll~PLL_OUTPUT_COUNTER|divclk'
Slack : 0.346
TNS   : 0.000

Type  : Slow 1100mV 85C Model Recovery 'the_system|acl_iface|acl_kernel_clk|kernel_pll|altera_pll_i|cyclonev_pll|counter[0].output_counter|divclk'
Slack : 1.418
TNS   : 0.000

Type  : Slow 1100mV 85C Model Recovery 'system:the_system|system_acl_iface:acl_iface|system_acl_iface_hps:hps|system_acl_iface_hps_hps_io:hps_io|system_acl_iface_hps_hps_io_border:border|hps_sdram:hps_sdram_inst|hps_sdram_pll:pll|afi_clk_write_clk'
Slack : 3.375
TNS   : 0.000

Type  : Slow 1100mV 85C Model Recovery 'the_system|acl_iface|pll|altera_pll_i|general[0].gpll~PLL_OUTPUT_COUNTER|divclk'
Slack : 6.332
TNS   : 0.000

Type  : Slow 1100mV 85C Model Recovery 'fpga_clk_50'
Slack : 15.952
TNS   : 0.000

Type  : Slow 1100mV 85C Model Removal 'system:the_system|system_acl_iface:acl_iface|system_acl_iface_hps:hps|system_acl_iface_hps_hps_io:hps_io|system_acl_iface_hps_hps_io_border:border|hps_sdram:hps_sdram_inst|hps_sdram_pll:pll|afi_clk_write_clk'
Slack : 0.470
TNS   : 0.000

Type  : Slow 1100mV 85C Model Removal 'fpga_clk_50'
Slack : 0.554
TNS   : 0.000

Type  : Slow 1100mV 85C Model Removal 'the_system|acl_iface|acl_kernel_clk|kernel_pll|altera_pll_i|cyclonev_pll|counter[0].output_counter|divclk'
Slack : 0.560
TNS   : 0.000

Type  : Slow 1100mV 85C Model Removal 'the_system|acl_iface|pll|altera_pll_i|general[0].gpll~PLL_OUTPUT_COUNTER|divclk'
Slack : 0.636
TNS   : 0.000

Type  : Slow 1100mV 85C Model Minimum Pulse Width 'system:the_system|system_acl_iface:acl_iface|system_acl_iface_hps:hps|system_acl_iface_hps_hps_io:hps_io|system_acl_iface_hps_hps_io_border:border|hps_sdram:hps_sdram_inst|hps_sdram_pll:pll|pll_write_clk_dq_write_clk'
Slack : 0.608
TNS   : 0.000

Type  : Slow 1100mV 85C Model Minimum Pulse Width 'system:the_system|system_acl_iface:acl_iface|system_acl_iface_hps:hps|system_acl_iface_hps_hps_io:hps_io|system_acl_iface_hps_hps_io_border:border|hps_sdram:hps_sdram_inst|hps_sdram_pll:pll|afi_clk_write_clk'
Slack : 0.623
TNS   : 0.000

Type  : Slow 1100mV 85C Model Minimum Pulse Width 'the_system|acl_iface|acl_kernel_clk|kernel_pll|altera_pll_i|cyclonev_pll|fpll_0|fpll|vcoph[0]'
Slack : 0.892
TNS   : 0.000

Type  : Slow 1100mV 85C Model Minimum Pulse Width 'the_system|acl_iface|pll|altera_pll_i|general[0].gpll~FRACTIONAL_PLL|vcoph[0]'
Slack : 1.666
TNS   : 0.000

Type  : Slow 1100mV 85C Model Minimum Pulse Width 'the_system|acl_iface|acl_kernel_clk|kernel_pll|altera_pll_i|cyclonev_pll|counter[0].output_counter|divclk'
Slack : 2.167
TNS   : 0.000

Type  : Slow 1100mV 85C Model Minimum Pulse Width 'the_system|acl_iface|pll|altera_pll_i|general[0].gpll~PLL_OUTPUT_COUNTER|divclk'
Slack : 3.767
TNS   : 0.000

Type  : Slow 1100mV 85C Model Minimum Pulse Width 'fpga_clk_50'
Slack : 8.870
TNS   : 0.000

Type  : Slow 1100mV 85C Model Minimum Pulse Width 'i2c_scl'
Slack : 149.670
TNS   : 0.000

Type  : Slow 1100mV 0C Model Setup 'the_system|acl_iface|acl_kernel_clk|kernel_pll|altera_pll_i|cyclonev_pll|counter[0].output_counter|divclk'
Slack : 0.259
TNS   : 0.000

Type  : Slow 1100mV 0C Model Setup 'system:the_system|system_acl_iface:acl_iface|system_acl_iface_hps:hps|system_acl_iface_hps_hps_io:hps_io|system_acl_iface_hps_hps_io_border:border|hps_sdram:hps_sdram_inst|hps_sdram_pll:pll|afi_clk_write_clk'
Slack : 1.727
TNS   : 0.000

Type  : Slow 1100mV 0C Model Setup 'the_system|acl_iface|pll|altera_pll_i|general[0].gpll~PLL_OUTPUT_COUNTER|divclk'
Slack : 3.284
TNS   : 0.000

Type  : Slow 1100mV 0C Model Setup 'fpga_clk_50'
Slack : 4.268
TNS   : 0.000

Type  : Slow 1100mV 0C Model Hold 'the_system|acl_iface|acl_kernel_clk|kernel_pll|altera_pll_i|cyclonev_pll|counter[0].output_counter|divclk'
Slack : 0.219
TNS   : 0.000

Type  : Slow 1100mV 0C Model Hold 'system:the_system|system_acl_iface:acl_iface|system_acl_iface_hps:hps|system_acl_iface_hps_hps_io:hps_io|system_acl_iface_hps_hps_io_border:border|hps_sdram:hps_sdram_inst|hps_sdram_pll:pll|afi_clk_write_clk'
Slack : 0.269
TNS   : 0.000

Type  : Slow 1100mV 0C Model Hold 'fpga_clk_50'
Slack : 0.274
TNS   : 0.000

Type  : Slow 1100mV 0C Model Hold 'the_system|acl_iface|pll|altera_pll_i|general[0].gpll~PLL_OUTPUT_COUNTER|divclk'
Slack : 0.329
TNS   : 0.000

Type  : Slow 1100mV 0C Model Recovery 'the_system|acl_iface|acl_kernel_clk|kernel_pll|altera_pll_i|cyclonev_pll|counter[0].output_counter|divclk'
Slack : 1.635
TNS   : 0.000

Type  : Slow 1100mV 0C Model Recovery 'system:the_system|system_acl_iface:acl_iface|system_acl_iface_hps:hps|system_acl_iface_hps_hps_io:hps_io|system_acl_iface_hps_hps_io_border:border|hps_sdram:hps_sdram_inst|hps_sdram_pll:pll|afi_clk_write_clk'
Slack : 3.468
TNS   : 0.000

Type  : Slow 1100mV 0C Model Recovery 'the_system|acl_iface|pll|altera_pll_i|general[0].gpll~PLL_OUTPUT_COUNTER|divclk'
Slack : 6.495
TNS   : 0.000

Type  : Slow 1100mV 0C Model Recovery 'fpga_clk_50'
Slack : 16.118
TNS   : 0.000

Type  : Slow 1100mV 0C Model Removal 'system:the_system|system_acl_iface:acl_iface|system_acl_iface_hps:hps|system_acl_iface_hps_hps_io:hps_io|system_acl_iface_hps_hps_io_border:border|hps_sdram:hps_sdram_inst|hps_sdram_pll:pll|afi_clk_write_clk'
Slack : 0.460
TNS   : 0.000

Type  : Slow 1100mV 0C Model Removal 'fpga_clk_50'
Slack : 0.512
TNS   : 0.000

Type  : Slow 1100mV 0C Model Removal 'the_system|acl_iface|acl_kernel_clk|kernel_pll|altera_pll_i|cyclonev_pll|counter[0].output_counter|divclk'
Slack : 0.516
TNS   : 0.000

Type  : Slow 1100mV 0C Model Removal 'the_system|acl_iface|pll|altera_pll_i|general[0].gpll~PLL_OUTPUT_COUNTER|divclk'
Slack : 0.566
TNS   : 0.000

Type  : Slow 1100mV 0C Model Minimum Pulse Width 'system:the_system|system_acl_iface:acl_iface|system_acl_iface_hps:hps|system_acl_iface_hps_hps_io:hps_io|system_acl_iface_hps_hps_io_border:border|hps_sdram:hps_sdram_inst|hps_sdram_pll:pll|pll_write_clk_dq_write_clk'
Slack : 0.613
TNS   : 0.000

Type  : Slow 1100mV 0C Model Minimum Pulse Width 'system:the_system|system_acl_iface:acl_iface|system_acl_iface_hps:hps|system_acl_iface_hps_hps_io:hps_io|system_acl_iface_hps_hps_io_border:border|hps_sdram:hps_sdram_inst|hps_sdram_pll:pll|afi_clk_write_clk'
Slack : 0.630
TNS   : 0.000

Type  : Slow 1100mV 0C Model Minimum Pulse Width 'the_system|acl_iface|acl_kernel_clk|kernel_pll|altera_pll_i|cyclonev_pll|fpll_0|fpll|vcoph[0]'
Slack : 0.892
TNS   : 0.000

Type  : Slow 1100mV 0C Model Minimum Pulse Width 'the_system|acl_iface|pll|altera_pll_i|general[0].gpll~FRACTIONAL_PLL|vcoph[0]'
Slack : 1.666
TNS   : 0.000

Type  : Slow 1100mV 0C Model Minimum Pulse Width 'the_system|acl_iface|acl_kernel_clk|kernel_pll|altera_pll_i|cyclonev_pll|counter[0].output_counter|divclk'
Slack : 2.143
TNS   : 0.000

Type  : Slow 1100mV 0C Model Minimum Pulse Width 'the_system|acl_iface|pll|altera_pll_i|general[0].gpll~PLL_OUTPUT_COUNTER|divclk'
Slack : 3.746
TNS   : 0.000

Type  : Slow 1100mV 0C Model Minimum Pulse Width 'fpga_clk_50'
Slack : 8.909
TNS   : 0.000

Type  : Slow 1100mV 0C Model Minimum Pulse Width 'i2c_scl'
Slack : 149.674
TNS   : 0.000

Type  : Fast 1100mV 85C Model Setup 'system:the_system|system_acl_iface:acl_iface|system_acl_iface_hps:hps|system_acl_iface_hps_hps_io:hps_io|system_acl_iface_hps_hps_io_border:border|hps_sdram:hps_sdram_inst|hps_sdram_pll:pll|afi_clk_write_clk'
Slack : 2.110
TNS   : 0.000

Type  : Fast 1100mV 85C Model Setup 'the_system|acl_iface|acl_kernel_clk|kernel_pll|altera_pll_i|cyclonev_pll|counter[0].output_counter|divclk'
Slack : 2.663
TNS   : 0.000

Type  : Fast 1100mV 85C Model Setup 'the_system|acl_iface|pll|altera_pll_i|general[0].gpll~PLL_OUTPUT_COUNTER|divclk'
Slack : 5.594
TNS   : 0.000

Type  : Fast 1100mV 85C Model Setup 'fpga_clk_50'
Slack : 10.148
TNS   : 0.000

Type  : Fast 1100mV 85C Model Hold 'system:the_system|system_acl_iface:acl_iface|system_acl_iface_hps:hps|system_acl_iface_hps_hps_io:hps_io|system_acl_iface_hps_hps_io_border:border|hps_sdram:hps_sdram_inst|hps_sdram_pll:pll|afi_clk_write_clk'
Slack : 0.132
TNS   : 0.000

Type  : Fast 1100mV 85C Model Hold 'the_system|acl_iface|acl_kernel_clk|kernel_pll|altera_pll_i|cyclonev_pll|counter[0].output_counter|divclk'
Slack : 0.143
TNS   : 0.000

Type  : Fast 1100mV 85C Model Hold 'fpga_clk_50'
Slack : 0.177
TNS   : 0.000

Type  : Fast 1100mV 85C Model Hold 'the_system|acl_iface|pll|altera_pll_i|general[0].gpll~PLL_OUTPUT_COUNTER|divclk'
Slack : 0.178
TNS   : 0.000

Type  : Fast 1100mV 85C Model Recovery 'the_system|acl_iface|acl_kernel_clk|kernel_pll|altera_pll_i|cyclonev_pll|counter[0].output_counter|divclk'
Slack : 3.092
TNS   : 0.000

Type  : Fast 1100mV 85C Model Recovery 'system:the_system|system_acl_iface:acl_iface|system_acl_iface_hps:hps|system_acl_iface_hps_hps_io:hps_io|system_acl_iface_hps_hps_io_border:border|hps_sdram:hps_sdram_inst|hps_sdram_pll:pll|afi_clk_write_clk'
Slack : 3.727
TNS   : 0.000

Type  : Fast 1100mV 85C Model Recovery 'the_system|acl_iface|pll|altera_pll_i|general[0].gpll~PLL_OUTPUT_COUNTER|divclk'
Slack : 7.500
TNS   : 0.000

Type  : Fast 1100mV 85C Model Recovery 'fpga_clk_50'
Slack : 17.325
TNS   : 0.000

Type  : Fast 1100mV 85C Model Removal 'the_system|acl_iface|acl_kernel_clk|kernel_pll|altera_pll_i|cyclonev_pll|counter[0].output_counter|divclk'
Slack : 0.292
TNS   : 0.000

Type  : Fast 1100mV 85C Model Removal 'fpga_clk_50'
Slack : 0.294
TNS   : 0.000

Type  : Fast 1100mV 85C Model Removal 'the_system|acl_iface|pll|altera_pll_i|general[0].gpll~PLL_OUTPUT_COUNTER|divclk'
Slack : 0.369
TNS   : 0.000

Type  : Fast 1100mV 85C Model Removal 'system:the_system|system_acl_iface:acl_iface|system_acl_iface_hps:hps|system_acl_iface_hps_hps_io:hps_io|system_acl_iface_hps_hps_io_border:border|hps_sdram:hps_sdram_inst|hps_sdram_pll:pll|afi_clk_write_clk'
Slack : 0.497
TNS   : 0.000

Type  : Fast 1100mV 85C Model Minimum Pulse Width 'system:the_system|system_acl_iface:acl_iface|system_acl_iface_hps:hps|system_acl_iface_hps_hps_io:hps_io|system_acl_iface_hps_hps_io_border:border|hps_sdram:hps_sdram_inst|hps_sdram_pll:pll|pll_write_clk_dq_write_clk'
Slack : 0.883
TNS   : 0.000

Type  : Fast 1100mV 85C Model Minimum Pulse Width 'system:the_system|system_acl_iface:acl_iface|system_acl_iface_hps:hps|system_acl_iface_hps_hps_io:hps_io|system_acl_iface_hps_hps_io_border:border|hps_sdram:hps_sdram_inst|hps_sdram_pll:pll|afi_clk_write_clk'
Slack : 0.891
TNS   : 0.000

Type  : Fast 1100mV 85C Model Minimum Pulse Width 'the_system|acl_iface|acl_kernel_clk|kernel_pll|altera_pll_i|cyclonev_pll|fpll_0|fpll|vcoph[0]'
Slack : 0.892
TNS   : 0.000

Type  : Fast 1100mV 85C Model Minimum Pulse Width 'the_system|acl_iface|pll|altera_pll_i|general[0].gpll~FRACTIONAL_PLL|vcoph[0]'
Slack : 1.666
TNS   : 0.000

Type  : Fast 1100mV 85C Model Minimum Pulse Width 'the_system|acl_iface|acl_kernel_clk|kernel_pll|altera_pll_i|cyclonev_pll|counter[0].output_counter|divclk'
Slack : 2.288
TNS   : 0.000

Type  : Fast 1100mV 85C Model Minimum Pulse Width 'the_system|acl_iface|pll|altera_pll_i|general[0].gpll~PLL_OUTPUT_COUNTER|divclk'
Slack : 3.888
TNS   : 0.000

Type  : Fast 1100mV 85C Model Minimum Pulse Width 'fpga_clk_50'
Slack : 8.481
TNS   : 0.000

Type  : Fast 1100mV 85C Model Minimum Pulse Width 'i2c_scl'
Slack : 149.336
TNS   : 0.000

Type  : Fast 1100mV 0C Model Setup 'system:the_system|system_acl_iface:acl_iface|system_acl_iface_hps:hps|system_acl_iface_hps_hps_io:hps_io|system_acl_iface_hps_hps_io_border:border|hps_sdram:hps_sdram_inst|hps_sdram_pll:pll|afi_clk_write_clk'
Slack : 2.110
TNS   : 0.000

Type  : Fast 1100mV 0C Model Setup 'the_system|acl_iface|acl_kernel_clk|kernel_pll|altera_pll_i|cyclonev_pll|counter[0].output_counter|divclk'
Slack : 3.113
TNS   : 0.000

Type  : Fast 1100mV 0C Model Setup 'the_system|acl_iface|pll|altera_pll_i|general[0].gpll~PLL_OUTPUT_COUNTER|divclk'
Slack : 6.046
TNS   : 0.000

Type  : Fast 1100mV 0C Model Setup 'fpga_clk_50'
Slack : 10.935
TNS   : 0.000

Type  : Fast 1100mV 0C Model Hold 'the_system|acl_iface|acl_kernel_clk|kernel_pll|altera_pll_i|cyclonev_pll|counter[0].output_counter|divclk'
Slack : 0.129
TNS   : 0.000

Type  : Fast 1100mV 0C Model Hold 'system:the_system|system_acl_iface:acl_iface|system_acl_iface_hps:hps|system_acl_iface_hps_hps_io:hps_io|system_acl_iface_hps_hps_io_border:border|hps_sdram:hps_sdram_inst|hps_sdram_pll:pll|afi_clk_write_clk'
Slack : 0.132
TNS   : 0.000

Type  : Fast 1100mV 0C Model Hold 'fpga_clk_50'
Slack : 0.159
TNS   : 0.000

Type  : Fast 1100mV 0C Model Hold 'the_system|acl_iface|pll|altera_pll_i|general[0].gpll~PLL_OUTPUT_COUNTER|divclk'
Slack : 0.168
TNS   : 0.000

Type  : Fast 1100mV 0C Model Recovery 'the_system|acl_iface|acl_kernel_clk|kernel_pll|altera_pll_i|cyclonev_pll|counter[0].output_counter|divclk'
Slack : 3.565
TNS   : 0.000

Type  : Fast 1100mV 0C Model Recovery 'system:the_system|system_acl_iface:acl_iface|system_acl_iface_hps:hps|system_acl_iface_hps_hps_io:hps_io|system_acl_iface_hps_hps_io_border:border|hps_sdram:hps_sdram_inst|hps_sdram_pll:pll|afi_clk_write_clk'
Slack : 3.825
TNS   : 0.000

Type  : Fast 1100mV 0C Model Recovery 'the_system|acl_iface|pll|altera_pll_i|general[0].gpll~PLL_OUTPUT_COUNTER|divclk'
Slack : 7.806
TNS   : 0.000

Type  : Fast 1100mV 0C Model Recovery 'fpga_clk_50'
Slack : 17.635
TNS   : 0.000

Type  : Fast 1100mV 0C Model Removal 'the_system|acl_iface|acl_kernel_clk|kernel_pll|altera_pll_i|cyclonev_pll|counter[0].output_counter|divclk'
Slack : 0.263
TNS   : 0.000

Type  : Fast 1100mV 0C Model Removal 'fpga_clk_50'
Slack : 0.265
TNS   : 0.000

Type  : Fast 1100mV 0C Model Removal 'the_system|acl_iface|pll|altera_pll_i|general[0].gpll~PLL_OUTPUT_COUNTER|divclk'
Slack : 0.322
TNS   : 0.000

Type  : Fast 1100mV 0C Model Removal 'system:the_system|system_acl_iface:acl_iface|system_acl_iface_hps:hps|system_acl_iface_hps_hps_io:hps_io|system_acl_iface_hps_hps_io_border:border|hps_sdram:hps_sdram_inst|hps_sdram_pll:pll|afi_clk_write_clk'
Slack : 0.473
TNS   : 0.000

Type  : Fast 1100mV 0C Model Minimum Pulse Width 'system:the_system|system_acl_iface:acl_iface|system_acl_iface_hps:hps|system_acl_iface_hps_hps_io:hps_io|system_acl_iface_hps_hps_io_border:border|hps_sdram:hps_sdram_inst|hps_sdram_pll:pll|pll_write_clk_dq_write_clk'
Slack : 0.887
TNS   : 0.000

Type  : Fast 1100mV 0C Model Minimum Pulse Width 'the_system|acl_iface|acl_kernel_clk|kernel_pll|altera_pll_i|cyclonev_pll|fpll_0|fpll|vcoph[0]'
Slack : 0.892
TNS   : 0.000

Type  : Fast 1100mV 0C Model Minimum Pulse Width 'system:the_system|system_acl_iface:acl_iface|system_acl_iface_hps:hps|system_acl_iface_hps_hps_io:hps_io|system_acl_iface_hps_hps_io_border:border|hps_sdram:hps_sdram_inst|hps_sdram_pll:pll|afi_clk_write_clk'
Slack : 0.894
TNS   : 0.000

Type  : Fast 1100mV 0C Model Minimum Pulse Width 'the_system|acl_iface|pll|altera_pll_i|general[0].gpll~FRACTIONAL_PLL|vcoph[0]'
Slack : 1.666
TNS   : 0.000

Type  : Fast 1100mV 0C Model Minimum Pulse Width 'the_system|acl_iface|acl_kernel_clk|kernel_pll|altera_pll_i|cyclonev_pll|counter[0].output_counter|divclk'
Slack : 2.288
TNS   : 0.000

Type  : Fast 1100mV 0C Model Minimum Pulse Width 'the_system|acl_iface|pll|altera_pll_i|general[0].gpll~PLL_OUTPUT_COUNTER|divclk'
Slack : 3.886
TNS   : 0.000

Type  : Fast 1100mV 0C Model Minimum Pulse Width 'fpga_clk_50'
Slack : 8.434
TNS   : 0.000

Type  : Fast 1100mV 0C Model Minimum Pulse Width 'i2c_scl'
Slack : 149.286
TNS   : 0.000

------------------------------------------------------------
Info: see the "DDR report" for DDR timing results
------------------------------------------------------------
------------------------------------------------------------
